// Jest Snapshot v1, https://goo.gl/fbAQLP

exports[`render correctly 1`] = `
<div
  className="MuiButtonBase-root-72 MuiButtonBase-disabled-73 MuiListItem-root-60 MuiListItem-default-63 MuiListItem-gutters-68 MuiListItem-disabled-66 MuiListItem-button-69 MuiListItem-selected-71"
  onBlur={[Function]}
  onFocus={[Function]}
  onKeyDown={[Function]}
  onKeyUp={[Function]}
  onMouseDown={[Function]}
  onMouseLeave={[Function]}
  onMouseUp={[Function]}
  onTouchEnd={[Function]}
  onTouchMove={[Function]}
  onTouchStart={[Function]}
  role="button"
  tabIndex="-1"
  to="/chat/ashasdaksdmkl1mkl"
>
  <div
    className="MuiAvatar-root-75 MuiAvatar-colorDefault-76"
  >
    MO
  </div>
  <div
    className="MuiListItemText-root-78"
  >
    <span
      className="MuiTypography-root-84 MuiTypography-subheading-91 MuiListItemText-primary-81"
    >
      Mock title
    </span>
    <p
      className="MuiTypography-root-84 MuiTypography-body1-93 MuiTypography-colorTextSecondary-117 MuiListItemText-secondary-82"
    >
      a few seconds ago
    </p>
  </div>
</div>
`;
